exports[`test renders a repo appropriately 1`] = `
<li
  className="repo">
  <div
    className="repo-name">
    Test repo
  </div>
  <div
    className="repo-activation-toggle">
    <div
      className="repo-restricted">
      Only repo admins can activate
    </div>
  </div>
</li>
`;
