exports[`test renders appropriately without Show Private button (not syncing) 1`] = `
<div
  className="repo-tools">
  <RepoToolsSearch
    onSearchInput={[Function]} />
  <RepoToolsRefresh
    isSyncing={false}
    onRefreshClicked={[Function]} />
</div>
`;
